---
http_interactions:
- request:
    method: get
    uri: https://www.googleapis.com/youtube/v3/channels?id=UCpYf6C9QsP_BRf97vLuXlIA&key=<API_KEY>&part=snippet,contentDetails,statistics
    body:
      encoding: ASCII-8BIT
      string: ''
    headers:
      Accept:
      - application/json
      Connection:
      - close
      Host:
      - www.googleapis.com
      User-Agent:
      - http.rb/5.2.0
  response:
    status:
      code: 200
      message: OK
    headers:
      Content-Type:
      - application/json; charset=UTF-8
      Vary:
      - Origin,Accept-Encoding
      - Referer
      - X-Origin
      Date:
      - Fri, 25 Oct 2024 04:14:40 GMT
      Server:
      - scaffolding on HTTPServer2
      Cache-Control:
      - private
      X-Xss-Protection:
      - '0'
      X-Frame-Options:
      - SAMEORIGIN
      X-Content-Type-Options:
      - nosniff
      Accept-Ranges:
      - none
      Transfer-Encoding:
      - chunked
      Alt-Svc:
      - h3=":443"; ma=2592000,h3-29=":443"; ma=2592000
      Connection:
      - close
    body:
      encoding: UTF-8
      string: "{\n  \"kind\": \"youtube#channelListResponse\",\n  \"etag\": \"5cWr7egbyzHFNfFK_6ePdW6PhuA\",\n
        \ \"pageInfo\": {\n    \"totalResults\": 1,\n    \"resultsPerPage\": 5\n  },\n
        \ \"items\": [\n    {\n      \"kind\": \"youtube#channel\",\n      \"etag\":
        \"ubfdw_9Ufj89GY8oWTgkDUvGf-E\",\n      \"id\": \"UCpYf6C9QsP_BRf97vLuXlIA\",\n
        \     \"snippet\": {\n        \"title\": \"Vantacrow Bringer 【NIJISANJI EN】\",\n
        \       \"description\": \"The unstoppable Tyrant from Krisis, Vantacrow Bringer!
        \U0001F0CF\U0001F52A\\n\",\n        \"customUrl\": \"@vantacrowbringer\",\n
        \       \"publishedAt\": \"2023-06-08T03:43:49.635489Z\",\n        \"thumbnails\":
        {\n          \"default\": {\n            \"url\": \"https://yt3.ggpht.com/GLPkvp_8o7OvZ3q57IpqDSHIyv6OqZFK6tO1egzLoMjE19EBlo3tISEMIOLEvkC5jnl2Uus93A=s88-c-k-c0x00ffffff-no-rj\",\n
        \           \"width\": 88,\n            \"height\": 88\n          },\n          \"medium\":
        {\n            \"url\": \"https://yt3.ggpht.com/GLPkvp_8o7OvZ3q57IpqDSHIyv6OqZFK6tO1egzLoMjE19EBlo3tISEMIOLEvkC5jnl2Uus93A=s240-c-k-c0x00ffffff-no-rj\",\n
        \           \"width\": 240,\n            \"height\": 240\n          },\n          \"high\":
        {\n            \"url\": \"https://yt3.ggpht.com/GLPkvp_8o7OvZ3q57IpqDSHIyv6OqZFK6tO1egzLoMjE19EBlo3tISEMIOLEvkC5jnl2Uus93A=s800-c-k-c0x00ffffff-no-rj\",\n
        \           \"width\": 800,\n            \"height\": 800\n          }\n        },\n
        \       \"localized\": {\n          \"title\": \"Vantacrow Bringer 【NIJISANJI
        EN】\",\n          \"description\": \"The unstoppable Tyrant from Krisis, Vantacrow
        Bringer! \U0001F0CF\U0001F52A\\n\"\n        },\n        \"country\": \"JP\"\n
        \     },\n      \"contentDetails\": {\n        \"relatedPlaylists\": {\n          \"likes\":
        \"\",\n          \"uploads\": \"UUpYf6C9QsP_BRf97vLuXlIA\"\n        }\n      },\n
        \     \"statistics\": {\n        \"viewCount\": \"9044926\",\n        \"subscriberCount\":
        \"180000\",\n        \"hiddenSubscriberCount\": false,\n        \"videoCount\":
        \"481\"\n      }\n    }\n  ]\n}\n"
  recorded_at: Fri, 25 Oct 2024 04:14:40 GMT
- request:
    method: get
    uri: https://www.googleapis.com/youtube/v3/videos?id=jeqH4eMGjhY&key=<API_KEY>&part=snippet
    body:
      encoding: ASCII-8BIT
      string: ''
    headers:
      Accept:
      - application/json
      Connection:
      - close
      Host:
      - www.googleapis.com
      User-Agent:
      - http.rb/5.2.0
  response:
    status:
      code: 200
      message: OK
    headers:
      Content-Type:
      - application/json; charset=UTF-8
      Vary:
      - Origin,Accept-Encoding
      - Referer
      - X-Origin
      Date:
      - Fri, 25 Oct 2024 04:14:41 GMT
      Server:
      - scaffolding on HTTPServer2
      Cache-Control:
      - private
      X-Xss-Protection:
      - '0'
      X-Frame-Options:
      - SAMEORIGIN
      X-Content-Type-Options:
      - nosniff
      Accept-Ranges:
      - none
      Transfer-Encoding:
      - chunked
      Alt-Svc:
      - h3=":443"; ma=2592000,h3-29=":443"; ma=2592000
      Connection:
      - close
    body:
      encoding: UTF-8
      string: |
        {
          "kind": "youtube#videoListResponse",
          "etag": "y_39M7bx6FfTImfwv8E4w1Ndi5s",
          "items": [
            {
              "kind": "youtube#video",
              "etag": "NUVp4WHIJTuDioDXFn9Li0ZjulE",
              "id": "jeqH4eMGjhY",
              "snippet": {
                "publishedAt": "2018-06-12T07:00:02Z",
                "channelId": "UCMUnInmOkrWN4gof9KlhNmQ",
                "title": "【都市傳說】兩個未來人（2075和2062）的預言實在太準太可怕 | 老高與小茉 Mr & Mrs Gao",
                "description": "你相信時間機器的存在嗎？你知道你的周圍就有來自未來的人嗎？如果你不認識未來人，老高今天給你介紹兩個，他們分別來自於2062年和2075年，這兩個人都因準確預測未來而被相信是真的未來人。當然有些事情不信為好。\n順便問大家一下，如果真的有時間機器，你會想去到或者回到什麼時候呢？\n------------------------------------------------\n相關鏈接：\n\n【YJ的推特】https://twitter.com/YJ943636\n\n【2062代言人的主頁】http://2062.jp/\n\n【2062的2010年和2011年的留言】http://from2062.com\n\n------------------------------------------------\n推薦播放列表：\n\n【恐怖靈異】https://goo.gl/Bq54h5\n\n【都市傳說】https://goo.gl/CpmK2Y\n\n【心理測試】https://goo.gl/wf5dp5\n\n【奇趣世界】https://goo.gl/Tbpiuj\n\n------------------------------------------------\n如果喜歡我們的頻道不要忘記訂閱哦，我們會每天更新有趣的內容。\n\n【訂閱按鈕】https://goo.gl/VhzZeS",
                "thumbnails": {
                  "default": {
                    "url": "https://i.ytimg.com/vi/jeqH4eMGjhY/default.jpg",
                    "width": 120,
                    "height": 90
                  },
                  "medium": {
                    "url": "https://i.ytimg.com/vi/jeqH4eMGjhY/mqdefault.jpg",
                    "width": 320,
                    "height": 180
                  },
                  "high": {
                    "url": "https://i.ytimg.com/vi/jeqH4eMGjhY/hqdefault.jpg",
                    "width": 480,
                    "height": 360
                  },
                  "standard": {
                    "url": "https://i.ytimg.com/vi/jeqH4eMGjhY/sddefault.jpg",
                    "width": 640,
                    "height": 480
                  },
                  "maxres": {
                    "url": "https://i.ytimg.com/vi/jeqH4eMGjhY/maxresdefault.jpg",
                    "width": 1280,
                    "height": 720
                  }
                },
                "channelTitle": "老高與小茉 Mr & Mrs Gao",
                "tags": [
                  "都市傳說",
                  "未來人",
                  "2062",
                  "2075",
                  "YJ",
                  "推特",
                  "地震",
                  "時光機"
                ],
                "categoryId": "24",
                "liveBroadcastContent": "none",
                "defaultLanguage": "en",
                "localized": {
                  "title": "【都市傳說】兩個未來人（2075和2062）的預言實在太準太可怕 | 老高與小茉 Mr & Mrs Gao",
                  "description": "你相信時間機器的存在嗎？你知道你的周圍就有來自未來的人嗎？如果你不認識未來人，老高今天給你介紹兩個，他們分別來自於2062年和2075年，這兩個人都因準確預測未來而被相信是真的未來人。當然有些事情不信為好。\n順便問大家一下，如果真的有時間機器，你會想去到或者回到什麼時候呢？\n------------------------------------------------\n相關鏈接：\n\n【YJ的推特】https://twitter.com/YJ943636\n\n【2062代言人的主頁】http://2062.jp/\n\n【2062的2010年和2011年的留言】http://from2062.com\n\n------------------------------------------------\n推薦播放列表：\n\n【恐怖靈異】https://goo.gl/Bq54h5\n\n【都市傳說】https://goo.gl/CpmK2Y\n\n【心理測試】https://goo.gl/wf5dp5\n\n【奇趣世界】https://goo.gl/Tbpiuj\n\n------------------------------------------------\n如果喜歡我們的頻道不要忘記訂閱哦，我們會每天更新有趣的內容。\n\n【訂閱按鈕】https://goo.gl/VhzZeS"
                },
                "defaultAudioLanguage": "zh"
              }
            }
          ],
          "pageInfo": {
            "totalResults": 1,
            "resultsPerPage": 1
          }
        }
  recorded_at: Fri, 25 Oct 2024 04:14:41 GMT
- request:
    method: get
    uri: https://www.googleapis.com/youtube/v3/videos?id=jeqH4eMGjhY&key=<API_KEY>&part=snippet
    body:
      encoding: ASCII-8BIT
      string: ''
    headers:
      Accept:
      - application/json
      Connection:
      - close
      Host:
      - www.googleapis.com
      User-Agent:
      - http.rb/5.2.0
  response:
    status:
      code: 200
      message: OK
    headers:
      Content-Type:
      - application/json; charset=UTF-8
      Vary:
      - Origin,Accept-Encoding
      - Referer
      - X-Origin
      Date:
      - Fri, 25 Oct 2024 04:14:41 GMT
      Server:
      - scaffolding on HTTPServer2
      Cache-Control:
      - private
      X-Xss-Protection:
      - '0'
      X-Frame-Options:
      - SAMEORIGIN
      X-Content-Type-Options:
      - nosniff
      Accept-Ranges:
      - none
      Transfer-Encoding:
      - chunked
      Alt-Svc:
      - h3=":443"; ma=2592000,h3-29=":443"; ma=2592000
      Connection:
      - close
    body:
      encoding: UTF-8
      string: |
        {
          "kind": "youtube#videoListResponse",
          "etag": "y_39M7bx6FfTImfwv8E4w1Ndi5s",
          "items": [
            {
              "kind": "youtube#video",
              "etag": "NUVp4WHIJTuDioDXFn9Li0ZjulE",
              "id": "jeqH4eMGjhY",
              "snippet": {
                "publishedAt": "2018-06-12T07:00:02Z",
                "channelId": "UCMUnInmOkrWN4gof9KlhNmQ",
                "title": "【都市傳說】兩個未來人（2075和2062）的預言實在太準太可怕 | 老高與小茉 Mr & Mrs Gao",
                "description": "你相信時間機器的存在嗎？你知道你的周圍就有來自未來的人嗎？如果你不認識未來人，老高今天給你介紹兩個，他們分別來自於2062年和2075年，這兩個人都因準確預測未來而被相信是真的未來人。當然有些事情不信為好。\n順便問大家一下，如果真的有時間機器，你會想去到或者回到什麼時候呢？\n------------------------------------------------\n相關鏈接：\n\n【YJ的推特】https://twitter.com/YJ943636\n\n【2062代言人的主頁】http://2062.jp/\n\n【2062的2010年和2011年的留言】http://from2062.com\n\n------------------------------------------------\n推薦播放列表：\n\n【恐怖靈異】https://goo.gl/Bq54h5\n\n【都市傳說】https://goo.gl/CpmK2Y\n\n【心理測試】https://goo.gl/wf5dp5\n\n【奇趣世界】https://goo.gl/Tbpiuj\n\n------------------------------------------------\n如果喜歡我們的頻道不要忘記訂閱哦，我們會每天更新有趣的內容。\n\n【訂閱按鈕】https://goo.gl/VhzZeS",
                "thumbnails": {
                  "default": {
                    "url": "https://i.ytimg.com/vi/jeqH4eMGjhY/default.jpg",
                    "width": 120,
                    "height": 90
                  },
                  "medium": {
                    "url": "https://i.ytimg.com/vi/jeqH4eMGjhY/mqdefault.jpg",
                    "width": 320,
                    "height": 180
                  },
                  "high": {
                    "url": "https://i.ytimg.com/vi/jeqH4eMGjhY/hqdefault.jpg",
                    "width": 480,
                    "height": 360
                  },
                  "standard": {
                    "url": "https://i.ytimg.com/vi/jeqH4eMGjhY/sddefault.jpg",
                    "width": 640,
                    "height": 480
                  },
                  "maxres": {
                    "url": "https://i.ytimg.com/vi/jeqH4eMGjhY/maxresdefault.jpg",
                    "width": 1280,
                    "height": 720
                  }
                },
                "channelTitle": "老高與小茉 Mr & Mrs Gao",
                "tags": [
                  "都市傳說",
                  "未來人",
                  "2062",
                  "2075",
                  "YJ",
                  "推特",
                  "地震",
                  "時光機"
                ],
                "categoryId": "24",
                "liveBroadcastContent": "none",
                "defaultLanguage": "en",
                "localized": {
                  "title": "【都市傳說】兩個未來人（2075和2062）的預言實在太準太可怕 | 老高與小茉 Mr & Mrs Gao",
                  "description": "你相信時間機器的存在嗎？你知道你的周圍就有來自未來的人嗎？如果你不認識未來人，老高今天給你介紹兩個，他們分別來自於2062年和2075年，這兩個人都因準確預測未來而被相信是真的未來人。當然有些事情不信為好。\n順便問大家一下，如果真的有時間機器，你會想去到或者回到什麼時候呢？\n------------------------------------------------\n相關鏈接：\n\n【YJ的推特】https://twitter.com/YJ943636\n\n【2062代言人的主頁】http://2062.jp/\n\n【2062的2010年和2011年的留言】http://from2062.com\n\n------------------------------------------------\n推薦播放列表：\n\n【恐怖靈異】https://goo.gl/Bq54h5\n\n【都市傳說】https://goo.gl/CpmK2Y\n\n【心理測試】https://goo.gl/wf5dp5\n\n【奇趣世界】https://goo.gl/Tbpiuj\n\n------------------------------------------------\n如果喜歡我們的頻道不要忘記訂閱哦，我們會每天更新有趣的內容。\n\n【訂閱按鈕】https://goo.gl/VhzZeS"
                },
                "defaultAudioLanguage": "zh"
              }
            }
          ],
          "pageInfo": {
            "totalResults": 1,
            "resultsPerPage": 1
          }
        }
  recorded_at: Fri, 25 Oct 2024 04:14:41 GMT
- request:
    method: get
    uri: https://www.googleapis.com/youtube/v3/videos?id=jeqH4eMGjhY123&key=<API_KEY>&part=snippet
    body:
      encoding: ASCII-8BIT
      string: ''
    headers:
      Accept:
      - application/json
      Connection:
      - close
      Host:
      - www.googleapis.com
      User-Agent:
      - http.rb/5.2.0
  response:
    status:
      code: 200
      message: OK
    headers:
      Content-Type:
      - application/json; charset=UTF-8
      Vary:
      - Origin,Accept-Encoding
      - Referer
      - X-Origin
      Date:
      - Sun, 27 Oct 2024 05:54:57 GMT
      Server:
      - scaffolding on HTTPServer2
      Cache-Control:
      - private
      X-Xss-Protection:
      - '0'
      X-Frame-Options:
      - SAMEORIGIN
      X-Content-Type-Options:
      - nosniff
      Accept-Ranges:
      - none
      Transfer-Encoding:
      - chunked
      Alt-Svc:
      - h3=":443"; ma=2592000,h3-29=":443"; ma=2592000
      Connection:
      - close
    body:
      encoding: UTF-8
      string: |
        {
          "kind": "youtube#videoListResponse",
          "etag": "YIUPVpqNjppyCWOZfL-19bLb7uk",
          "items": [],
          "pageInfo": {
            "totalResults": 0,
            "resultsPerPage": 0
          }
        }
  recorded_at: Sun, 27 Oct 2024 05:54:57 GMT
- request:
    method: get
    uri: https://www.googleapis.com/youtube/v3/videos?id=jeqH4eMGjhY123&key=<API_KEY>&part=snippet
    body:
      encoding: ASCII-8BIT
      string: ''
    headers:
      Accept:
      - application/json
      Connection:
      - close
      Host:
      - www.googleapis.com
      User-Agent:
      - http.rb/5.2.0
  response:
    status:
      code: 200
      message: OK
    headers:
      Content-Type:
      - application/json; charset=UTF-8
      Vary:
      - Origin,Accept-Encoding
      - Referer
      - X-Origin
      Date:
      - Sun, 27 Oct 2024 05:54:57 GMT
      Server:
      - scaffolding on HTTPServer2
      Cache-Control:
      - private
      X-Xss-Protection:
      - '0'
      X-Frame-Options:
      - SAMEORIGIN
      X-Content-Type-Options:
      - nosniff
      Accept-Ranges:
      - none
      Transfer-Encoding:
      - chunked
      Alt-Svc:
      - h3=":443"; ma=2592000,h3-29=":443"; ma=2592000
      Connection:
      - close
    body:
      encoding: UTF-8
      string: |
        {
          "kind": "youtube#videoListResponse",
          "etag": "YIUPVpqNjppyCWOZfL-19bLb7uk",
          "items": [],
          "pageInfo": {
            "totalResults": 0,
            "resultsPerPage": 0
          }
        }
  recorded_at: Sun, 27 Oct 2024 05:54:57 GMT
- request:
    method: get
    uri: https://www.googleapis.com/youtube/v3/videos?id=CcGsTuLEs14&key=<API_KEY>&part=snippet
    body:
      encoding: ASCII-8BIT
      string: ''
    headers:
      Accept:
      - application/json
      Connection:
      - close
      Host:
      - www.googleapis.com
      User-Agent:
      - http.rb/5.2.0
  response:
    status:
      code: 200
      message: OK
    headers:
      Content-Type:
      - application/json; charset=UTF-8
      Vary:
      - Origin,Accept-Encoding
      - Referer
      - X-Origin
      Date:
      - Sun, 27 Oct 2024 06:01:14 GMT
      Server:
      - scaffolding on HTTPServer2
      Cache-Control:
      - private
      X-Xss-Protection:
      - '0'
      X-Frame-Options:
      - SAMEORIGIN
      X-Content-Type-Options:
      - nosniff
      Accept-Ranges:
      - none
      Transfer-Encoding:
      - chunked
      Alt-Svc:
      - h3=":443"; ma=2592000,h3-29=":443"; ma=2592000
      Connection:
      - close
    body:
      encoding: UTF-8
      string: |
        {
          "kind": "youtube#videoListResponse",
          "etag": "fRXBPP9FeoTOEDZdCjeQ0BZM1kQ",
          "items": [
            {
              "kind": "youtube#video",
              "etag": "SvHLtw4MKIMhwQStrYGD3NwJ5hA",
              "id": "CcGsTuLEs14",
              "snippet": {
                "publishedAt": "2024-05-15T13:00:21Z",
                "channelId": "UCMUnInmOkrWN4gof9KlhNmQ",
                "title": "心情不好時，請看這個影片，從此你的人生將充滿幸福和快樂 | 老高與小茉 Mr & Mrs Gao",
                "description": "【加入會員按鈕】https://www.youtube.com/channel/UCMUnInmOkrWN4gof9KlhNmQ/join\n【訂閱頻道按鈕】https://goo.gl/VhzZeS\n【518直播地址】https://youtube.com/live/wcWjzXcWhdk?feature=share\n------------------------------------------------\n相關鏈接：\n\n超出你想象的深海世界\nhttps://www.youtube.com/watch?v=dNmwPWRdv_0\n\n【神作】四十分鐘講完三體\nhttps://www.youtube.com/watch?v=2vowHo2y-hI\n\n目前第二長的一期，多重人格分裂\nhttps://www.youtube.com/watch?v=QAGDGja7kbs\n\n人為什麼是人，人類最不可思議的六個特征\nhttps://www.youtube.com/watch?v=EiWuajug1W4\n\n【震撼】這是一部解開所有宇宙之謎的影片\nhttps://www.youtube.com/watch?v=3QS5hyXpNyw\n\n【震撼】這是一部你明天還會再看一遍的影片\nhttps://www.youtube.com/watch?v=odc0ajxCq2c\n\n南極和北極，地球上最不可思議的兩個地方\nhttps://www.youtube.com/watch?v=jSSIeOlIqu0\n\n千萬不要去！世界十大人類禁地\nhttps://www.youtube.com/watch?v=6SwJpgNLvTk\n\n目前信息量最大的一期，重力\nhttps://www.youtube.com/watch?v=-TDVKQjmf7c\n\n人類的隱藏能力，從氣功到超能力還有另一個世界的存在\nhttps://www.youtube.com/watch?v=3Okf8nOIVLY\n\n超出你想象的地球故事\nhttps://www.youtube.com/watch?v=5AseSLCG7wI\n\n目前最長的一期，只有五歲抬頭才能看懂的天能（信条）\nhttps://www.youtube.com/watch?v=UiyWuEwxCNQ\n\n【震撼】2045年，人類究竟是滅絕還是成神\nhttps://www.youtube.com/watch?v=WY4XLDBDyuk\n\n【震撼】智商200也無法解答，宇宙最大的謎團，時間\nhttps://www.youtube.com/watch?v=6SkbNlWMG5w\n\n現代技術也無法再現的七個奇跡\nhttps://www.youtube.com/watch?v=KtDGWBqCmtk\n\n【震撼】海奧華預言，人類起源，耶穌是誰，金字塔之謎，你想知道的答案這裡都有\nhttps://www.youtube.com/watch?v=1rUWY2z4wUk\n\n【神作】三十六分鐘完全解説這部完美閉合的漫畫\nhttps://www.youtube.com/watch?v=ZN4yFKJuS4Y\n\n前往地球中心的旅行，超出你想象的地下世界\nhttps://www.youtube.com/watch?v=lRVSC97q8ew\n\n人類不能再次登上月球的真正原因真是難以置信\nhttps://www.youtube.com/watch?v=2vzwtqhhJv8\n\n“他們”究竟是誰？比金字塔還誇張的遠古文明\nhttps://www.youtube.com/watch?v=vA7IJRaW0Eo\n\n最神奇的星球，地球以及人類存在的真正原因\nhttps://www.youtube.com/watch?v=BLpv9fCZqcs\n\n神作！星際效應，用最簡單的方式告訴你什麽是五維時空\nhttps://www.youtube.com/watch?v=KefYmjM0E7g\n\n天堂的證明，一個你這輩子都看不到的世界\nhttps://www.youtube.com/watch?v=L8SZQPyB1c8\n\n人類不能知道的秘密，人族的故事\nhttps://www.youtube.com/watch?v=JVOzntXOGRc\n\n可怕的巨大史前生物，我們該慶幸它們已經滅絕了\nhttps://www.youtube.com/watch?v=BXybSLUlFvM\n\n人類消失一萬年後，一切都不見了，只有“它”還在\nhttps://www.youtube.com/watch?v=EW77R_D-XCw\n\n目前介紹過的最厲害的一位，此人兩歲就能抬頭\nhttps://www.youtube.com/watch?v=t_WGhKQ7xqI\n\n一萬年後的世界不會比現在更先進的真正原因\nhttps://www.youtube.com/watch?v=sWY1PtudTEA\n\n目前最搞笑的一期，我們本來都是神但由於選擇了美貌而變成了人\nhttps://www.youtube.com/watch?v=p25SV0WQWjA\n\n宇宙有多大，人類最遠可以到達宇宙的什麽地方\nhttps://www.youtube.com/watch?v=gH_NIUqOJos\n\n它的下面埋藏著關於世界末日的重要信息\nhttps://www.youtube.com/watch?v=Q0pSMTLXvjo\n\n目前最細思極恐的一期，二十五號宇宙\nhttps://www.youtube.com/watch?v=htz2xCJb3Lc\n\n【雖然被警告不要說】但是我還是決定公開這一期\nhttps://www.youtube.com/watch?v=QMsbQ97Ah_M\n\n人類的極限，壽命的極限是多少，可以多久不吃飯不睡覺\nhttps://www.youtube.com/watch?v=VCIHVq2GISw\n\n驚人證據揭示地下世界的存在，他們究竟是誰\nhttps://www.youtube.com/watch?v=0AuaFv9pUYE\n\n突然消失的百慕大三角\nhttps://www.youtube.com/watch?v=kb3ZMhR66fY\n\n【震撼】看完這期你就無敵了，史上最強戰術，不戰而勝的奧義，孫子兵法\nhttps://www.youtube.com/watch?v=4CvVL-rSX8E\n\n1萬2千年前的這個裝置究竟是用來做什麼的\nhttps://www.youtube.com/watch?v=NFH7IErIm3k\n\n【月球第三部】人類無法再次登月的另一種可能\nhttps://www.youtube.com/watch?v=Udvl_VJoM94\n\n【震撼】亞特蘭蒂斯真的找到了，神，真的存在過\nhttps://www.youtube.com/watch?v=QbcKVbL3VOQ\n\n【摩羯座的人注意了】神就來自你們的守護星\nhttps://www.youtube.com/watch?v=EkELAx2Uk1w\n\n過去可以被改變的真正原因，被討厭的勇氣\nhttps://www.youtube.com/watch?v=5cZxZCbcOQw\n\n【目前最長影片】人類不能知道的，完全另一個版本的世界的真相\nhttps://www.youtube.com/watch?v=A7h2clFxyj0\n\n【震撼】進化，從1859到2020\nhttps://www.youtube.com/watch?v=yNFgOL-7nOw\n\n地球上最常見卻最神奇的東西，水\nhttps://www.youtube.com/watch?v=7q88m5MQRhE\n\n超越認知的印度\nhttps://www.youtube.com/watch?v=0cXTyTmDRUI\n\n【完美犯罪】又一個超超超高智商的男人\nhttps://www.youtube.com/watch?v=SSzJdSsLneI\n\n地球上智商最高的九種動物，第一名就快變成人了\nhttps://www.youtube.com/watch?v=mjk1Huc_FoY\n\n碰到就玩完了，世界上最可怕的十大海洋生物\nhttps://www.youtube.com/watch?v=ZYjCi4rpAiQ\n\n雪山上發生的最不可思議的事\nhttps://www.youtube.com/watch?v=8Y-l9WaOd_w\n\n【射手座的人注意了】你們的守護星太危險，風速每秒三百公里，木星\nhttps://www.youtube.com/watch?v=dr9ISxjOO00\n\n【講到流淚】二十分鐘講完第一次世界大戰\nhttps://www.youtube.com/watch?v=G5y85I52HRg\n\n你所不了解的天空的世界\nhttps://www.youtube.com/watch?v=x1QyVwFRrIg\n\n【震撼】地球歷史的最大謎團，大洪水\nhttps://www.youtube.com/watch?v=w69h0zCso-o\n\nKFK預言，目前爲止最可信的一個未來人\nhttps://www.youtube.com/watch?v=ZTxc1YY64cM\n\n【震撼】諾亞方舟，不是神話而是預言，漢字中隱藏的秘密\nhttps://www.youtube.com/watch?v=czNMh9kVhIE\n\n【不好意思，今天的標題可能嚇到各位，但我必須說】我們之間其實沒有任何關係\nhttps://www.youtube.com/watch?v=nhnrfTb8xzA\n\n人類瘟疫史，存活下來的唯一方法\nhttps://www.youtube.com/watch?v=K4t6nF8dDHQ\n\n世界是虛擬的但有一個東西是真實的\nhttps://www.youtube.com/watch?v=B-I2guiXzRA\n\n【費米悖論】人類至今無法發現外星人的14種可能，越往後可能性越大\nhttps://www.youtube.com/watch?v=N4xXGIrzKJs\n\n【震撼】一切都不是巧合，2020真正的預言\nhttps://www.youtube.com/watch?v=wGaTEf0e67U\n\n【震撼】史上最深奧的話題，意識\nhttps://www.youtube.com/watch?v=wraBVnAfunc\n\n不可思议的前世記憶，可能你也有\nhttps://www.youtube.com/watch?v=v3kfH0a_dDY\n\n病毒，進化\nhttps://www.youtube.com/watch?v=_oBVDBVTKbU\n\n目前最快的影片，速度的世界\nhttps://www.youtube.com/watch?v=yf7S1s37des\n\n怕海的人不要看，真實的美人魚\nhttps://www.youtube.com/watch?v=3cHZfgSqPa4\n\n七個可能毀滅世界的科學實驗，其中三個還在進行中\nhttps://www.youtube.com/watch?v=ElqnKNkiyHA\n\n你的生日數字相加等於幾？如果等於369，那你註定不平凡啊\nhttps://www.youtube.com/watch?v=KQv0lEaDGco\n\n看得見摸得著卻無法解釋，世界上最大的謎團，第一集\nhttps://www.youtube.com/watch?v=Ttus8XGK6Xw\n\n十年內將會消失的職業，你如果正在做這些工作最好盡快轉行\nhttps://www.youtube.com/watch?v=Mshz9DxQLbE\n\n------------------------------------------------\n推薦播放列表：\n\n【未來】https://goo.gl/Bq54h5\n\n【傳說】https://goo.gl/CpmK2Y\n\n【心理測試】https://goo.gl/wf5dp5\n\n【奇趣】https://goo.gl/Tbpiuj",
                "thumbnails": {
                  "default": {
                    "url": "https://i.ytimg.com/vi/CcGsTuLEs14/default.jpg",
                    "width": 120,
                    "height": 90
                  },
                  "medium": {
                    "url": "https://i.ytimg.com/vi/CcGsTuLEs14/mqdefault.jpg",
                    "width": 320,
                    "height": 180
                  },
                  "high": {
                    "url": "https://i.ytimg.com/vi/CcGsTuLEs14/hqdefault.jpg",
                    "width": 480,
                    "height": 360
                  },
                  "standard": {
                    "url": "https://i.ytimg.com/vi/CcGsTuLEs14/sddefault.jpg",
                    "width": 640,
                    "height": 480
                  },
                  "maxres": {
                    "url": "https://i.ytimg.com/vi/CcGsTuLEs14/maxresdefault.jpg",
                    "width": 1280,
                    "height": 720
                  }
                },
                "channelTitle": "老高與小茉 Mr & Mrs Gao",
                "categoryId": "24",
                "liveBroadcastContent": "none",
                "defaultLanguage": "en",
                "localized": {
                  "title": "心情不好時，請看這個影片，從此你的人生將充滿幸福和快樂 | 老高與小茉 Mr & Mrs Gao",
                  "description": "【加入會員按鈕】https://www.youtube.com/channel/UCMUnInmOkrWN4gof9KlhNmQ/join\n【訂閱頻道按鈕】https://goo.gl/VhzZeS\n【518直播地址】https://youtube.com/live/wcWjzXcWhdk?feature=share\n------------------------------------------------\n相關鏈接：\n\n超出你想象的深海世界\nhttps://www.youtube.com/watch?v=dNmwPWRdv_0\n\n【神作】四十分鐘講完三體\nhttps://www.youtube.com/watch?v=2vowHo2y-hI\n\n目前第二長的一期，多重人格分裂\nhttps://www.youtube.com/watch?v=QAGDGja7kbs\n\n人為什麼是人，人類最不可思議的六個特征\nhttps://www.youtube.com/watch?v=EiWuajug1W4\n\n【震撼】這是一部解開所有宇宙之謎的影片\nhttps://www.youtube.com/watch?v=3QS5hyXpNyw\n\n【震撼】這是一部你明天還會再看一遍的影片\nhttps://www.youtube.com/watch?v=odc0ajxCq2c\n\n南極和北極，地球上最不可思議的兩個地方\nhttps://www.youtube.com/watch?v=jSSIeOlIqu0\n\n千萬不要去！世界十大人類禁地\nhttps://www.youtube.com/watch?v=6SwJpgNLvTk\n\n目前信息量最大的一期，重力\nhttps://www.youtube.com/watch?v=-TDVKQjmf7c\n\n人類的隱藏能力，從氣功到超能力還有另一個世界的存在\nhttps://www.youtube.com/watch?v=3Okf8nOIVLY\n\n超出你想象的地球故事\nhttps://www.youtube.com/watch?v=5AseSLCG7wI\n\n目前最長的一期，只有五歲抬頭才能看懂的天能（信条）\nhttps://www.youtube.com/watch?v=UiyWuEwxCNQ\n\n【震撼】2045年，人類究竟是滅絕還是成神\nhttps://www.youtube.com/watch?v=WY4XLDBDyuk\n\n【震撼】智商200也無法解答，宇宙最大的謎團，時間\nhttps://www.youtube.com/watch?v=6SkbNlWMG5w\n\n現代技術也無法再現的七個奇跡\nhttps://www.youtube.com/watch?v=KtDGWBqCmtk\n\n【震撼】海奧華預言，人類起源，耶穌是誰，金字塔之謎，你想知道的答案這裡都有\nhttps://www.youtube.com/watch?v=1rUWY2z4wUk\n\n【神作】三十六分鐘完全解説這部完美閉合的漫畫\nhttps://www.youtube.com/watch?v=ZN4yFKJuS4Y\n\n前往地球中心的旅行，超出你想象的地下世界\nhttps://www.youtube.com/watch?v=lRVSC97q8ew\n\n人類不能再次登上月球的真正原因真是難以置信\nhttps://www.youtube.com/watch?v=2vzwtqhhJv8\n\n“他們”究竟是誰？比金字塔還誇張的遠古文明\nhttps://www.youtube.com/watch?v=vA7IJRaW0Eo\n\n最神奇的星球，地球以及人類存在的真正原因\nhttps://www.youtube.com/watch?v=BLpv9fCZqcs\n\n神作！星際效應，用最簡單的方式告訴你什麽是五維時空\nhttps://www.youtube.com/watch?v=KefYmjM0E7g\n\n天堂的證明，一個你這輩子都看不到的世界\nhttps://www.youtube.com/watch?v=L8SZQPyB1c8\n\n人類不能知道的秘密，人族的故事\nhttps://www.youtube.com/watch?v=JVOzntXOGRc\n\n可怕的巨大史前生物，我們該慶幸它們已經滅絕了\nhttps://www.youtube.com/watch?v=BXybSLUlFvM\n\n人類消失一萬年後，一切都不見了，只有“它”還在\nhttps://www.youtube.com/watch?v=EW77R_D-XCw\n\n目前介紹過的最厲害的一位，此人兩歲就能抬頭\nhttps://www.youtube.com/watch?v=t_WGhKQ7xqI\n\n一萬年後的世界不會比現在更先進的真正原因\nhttps://www.youtube.com/watch?v=sWY1PtudTEA\n\n目前最搞笑的一期，我們本來都是神但由於選擇了美貌而變成了人\nhttps://www.youtube.com/watch?v=p25SV0WQWjA\n\n宇宙有多大，人類最遠可以到達宇宙的什麽地方\nhttps://www.youtube.com/watch?v=gH_NIUqOJos\n\n它的下面埋藏著關於世界末日的重要信息\nhttps://www.youtube.com/watch?v=Q0pSMTLXvjo\n\n目前最細思極恐的一期，二十五號宇宙\nhttps://www.youtube.com/watch?v=htz2xCJb3Lc\n\n【雖然被警告不要說】但是我還是決定公開這一期\nhttps://www.youtube.com/watch?v=QMsbQ97Ah_M\n\n人類的極限，壽命的極限是多少，可以多久不吃飯不睡覺\nhttps://www.youtube.com/watch?v=VCIHVq2GISw\n\n驚人證據揭示地下世界的存在，他們究竟是誰\nhttps://www.youtube.com/watch?v=0AuaFv9pUYE\n\n突然消失的百慕大三角\nhttps://www.youtube.com/watch?v=kb3ZMhR66fY\n\n【震撼】看完這期你就無敵了，史上最強戰術，不戰而勝的奧義，孫子兵法\nhttps://www.youtube.com/watch?v=4CvVL-rSX8E\n\n1萬2千年前的這個裝置究竟是用來做什麼的\nhttps://www.youtube.com/watch?v=NFH7IErIm3k\n\n【月球第三部】人類無法再次登月的另一種可能\nhttps://www.youtube.com/watch?v=Udvl_VJoM94\n\n【震撼】亞特蘭蒂斯真的找到了，神，真的存在過\nhttps://www.youtube.com/watch?v=QbcKVbL3VOQ\n\n【摩羯座的人注意了】神就來自你們的守護星\nhttps://www.youtube.com/watch?v=EkELAx2Uk1w\n\n過去可以被改變的真正原因，被討厭的勇氣\nhttps://www.youtube.com/watch?v=5cZxZCbcOQw\n\n【目前最長影片】人類不能知道的，完全另一個版本的世界的真相\nhttps://www.youtube.com/watch?v=A7h2clFxyj0\n\n【震撼】進化，從1859到2020\nhttps://www.youtube.com/watch?v=yNFgOL-7nOw\n\n地球上最常見卻最神奇的東西，水\nhttps://www.youtube.com/watch?v=7q88m5MQRhE\n\n超越認知的印度\nhttps://www.youtube.com/watch?v=0cXTyTmDRUI\n\n【完美犯罪】又一個超超超高智商的男人\nhttps://www.youtube.com/watch?v=SSzJdSsLneI\n\n地球上智商最高的九種動物，第一名就快變成人了\nhttps://www.youtube.com/watch?v=mjk1Huc_FoY\n\n碰到就玩完了，世界上最可怕的十大海洋生物\nhttps://www.youtube.com/watch?v=ZYjCi4rpAiQ\n\n雪山上發生的最不可思議的事\nhttps://www.youtube.com/watch?v=8Y-l9WaOd_w\n\n【射手座的人注意了】你們的守護星太危險，風速每秒三百公里，木星\nhttps://www.youtube.com/watch?v=dr9ISxjOO00\n\n【講到流淚】二十分鐘講完第一次世界大戰\nhttps://www.youtube.com/watch?v=G5y85I52HRg\n\n你所不了解的天空的世界\nhttps://www.youtube.com/watch?v=x1QyVwFRrIg\n\n【震撼】地球歷史的最大謎團，大洪水\nhttps://www.youtube.com/watch?v=w69h0zCso-o\n\nKFK預言，目前爲止最可信的一個未來人\nhttps://www.youtube.com/watch?v=ZTxc1YY64cM\n\n【震撼】諾亞方舟，不是神話而是預言，漢字中隱藏的秘密\nhttps://www.youtube.com/watch?v=czNMh9kVhIE\n\n【不好意思，今天的標題可能嚇到各位，但我必須說】我們之間其實沒有任何關係\nhttps://www.youtube.com/watch?v=nhnrfTb8xzA\n\n人類瘟疫史，存活下來的唯一方法\nhttps://www.youtube.com/watch?v=K4t6nF8dDHQ\n\n世界是虛擬的但有一個東西是真實的\nhttps://www.youtube.com/watch?v=B-I2guiXzRA\n\n【費米悖論】人類至今無法發現外星人的14種可能，越往後可能性越大\nhttps://www.youtube.com/watch?v=N4xXGIrzKJs\n\n【震撼】一切都不是巧合，2020真正的預言\nhttps://www.youtube.com/watch?v=wGaTEf0e67U\n\n【震撼】史上最深奧的話題，意識\nhttps://www.youtube.com/watch?v=wraBVnAfunc\n\n不可思议的前世記憶，可能你也有\nhttps://www.youtube.com/watch?v=v3kfH0a_dDY\n\n病毒，進化\nhttps://www.youtube.com/watch?v=_oBVDBVTKbU\n\n目前最快的影片，速度的世界\nhttps://www.youtube.com/watch?v=yf7S1s37des\n\n怕海的人不要看，真實的美人魚\nhttps://www.youtube.com/watch?v=3cHZfgSqPa4\n\n七個可能毀滅世界的科學實驗，其中三個還在進行中\nhttps://www.youtube.com/watch?v=ElqnKNkiyHA\n\n你的生日數字相加等於幾？如果等於369，那你註定不平凡啊\nhttps://www.youtube.com/watch?v=KQv0lEaDGco\n\n看得見摸得著卻無法解釋，世界上最大的謎團，第一集\nhttps://www.youtube.com/watch?v=Ttus8XGK6Xw\n\n十年內將會消失的職業，你如果正在做這些工作最好盡快轉行\nhttps://www.youtube.com/watch?v=Mshz9DxQLbE\n\n------------------------------------------------\n推薦播放列表：\n\n【未來】https://goo.gl/Bq54h5\n\n【傳說】https://goo.gl/CpmK2Y\n\n【心理測試】https://goo.gl/wf5dp5\n\n【奇趣】https://goo.gl/Tbpiuj"
                },
                "defaultAudioLanguage": "zxx"
              }
            }
          ],
          "pageInfo": {
            "totalResults": 1,
            "resultsPerPage": 1
          }
        }
  recorded_at: Sun, 27 Oct 2024 06:01:14 GMT
- request:
    method: get
    uri: https://www.googleapis.com/youtube/v3/videos?id=CcGsTuLEs14&key=<API_KEY>&part=snippet
    body:
      encoding: ASCII-8BIT
      string: ''
    headers:
      Accept:
      - application/json
      Connection:
      - close
      Host:
      - www.googleapis.com
      User-Agent:
      - http.rb/5.2.0
  response:
    status:
      code: 200
      message: OK
    headers:
      Content-Type:
      - application/json; charset=UTF-8
      Vary:
      - Origin,Accept-Encoding
      - Referer
      - X-Origin
      Date:
      - Sun, 27 Oct 2024 06:01:14 GMT
      Server:
      - scaffolding on HTTPServer2
      Cache-Control:
      - private
      X-Xss-Protection:
      - '0'
      X-Frame-Options:
      - SAMEORIGIN
      X-Content-Type-Options:
      - nosniff
      Accept-Ranges:
      - none
      Transfer-Encoding:
      - chunked
      Alt-Svc:
      - h3=":443"; ma=2592000,h3-29=":443"; ma=2592000
      Connection:
      - close
    body:
      encoding: UTF-8
      string: |
        {
          "kind": "youtube#videoListResponse",
          "etag": "fRXBPP9FeoTOEDZdCjeQ0BZM1kQ",
          "items": [
            {
              "kind": "youtube#video",
              "etag": "SvHLtw4MKIMhwQStrYGD3NwJ5hA",
              "id": "CcGsTuLEs14",
              "snippet": {
                "publishedAt": "2024-05-15T13:00:21Z",
                "channelId": "UCMUnInmOkrWN4gof9KlhNmQ",
                "title": "心情不好時，請看這個影片，從此你的人生將充滿幸福和快樂 | 老高與小茉 Mr & Mrs Gao",
                "description": "【加入會員按鈕】https://www.youtube.com/channel/UCMUnInmOkrWN4gof9KlhNmQ/join\n【訂閱頻道按鈕】https://goo.gl/VhzZeS\n【518直播地址】https://youtube.com/live/wcWjzXcWhdk?feature=share\n------------------------------------------------\n相關鏈接：\n\n超出你想象的深海世界\nhttps://www.youtube.com/watch?v=dNmwPWRdv_0\n\n【神作】四十分鐘講完三體\nhttps://www.youtube.com/watch?v=2vowHo2y-hI\n\n目前第二長的一期，多重人格分裂\nhttps://www.youtube.com/watch?v=QAGDGja7kbs\n\n人為什麼是人，人類最不可思議的六個特征\nhttps://www.youtube.com/watch?v=EiWuajug1W4\n\n【震撼】這是一部解開所有宇宙之謎的影片\nhttps://www.youtube.com/watch?v=3QS5hyXpNyw\n\n【震撼】這是一部你明天還會再看一遍的影片\nhttps://www.youtube.com/watch?v=odc0ajxCq2c\n\n南極和北極，地球上最不可思議的兩個地方\nhttps://www.youtube.com/watch?v=jSSIeOlIqu0\n\n千萬不要去！世界十大人類禁地\nhttps://www.youtube.com/watch?v=6SwJpgNLvTk\n\n目前信息量最大的一期，重力\nhttps://www.youtube.com/watch?v=-TDVKQjmf7c\n\n人類的隱藏能力，從氣功到超能力還有另一個世界的存在\nhttps://www.youtube.com/watch?v=3Okf8nOIVLY\n\n超出你想象的地球故事\nhttps://www.youtube.com/watch?v=5AseSLCG7wI\n\n目前最長的一期，只有五歲抬頭才能看懂的天能（信条）\nhttps://www.youtube.com/watch?v=UiyWuEwxCNQ\n\n【震撼】2045年，人類究竟是滅絕還是成神\nhttps://www.youtube.com/watch?v=WY4XLDBDyuk\n\n【震撼】智商200也無法解答，宇宙最大的謎團，時間\nhttps://www.youtube.com/watch?v=6SkbNlWMG5w\n\n現代技術也無法再現的七個奇跡\nhttps://www.youtube.com/watch?v=KtDGWBqCmtk\n\n【震撼】海奧華預言，人類起源，耶穌是誰，金字塔之謎，你想知道的答案這裡都有\nhttps://www.youtube.com/watch?v=1rUWY2z4wUk\n\n【神作】三十六分鐘完全解説這部完美閉合的漫畫\nhttps://www.youtube.com/watch?v=ZN4yFKJuS4Y\n\n前往地球中心的旅行，超出你想象的地下世界\nhttps://www.youtube.com/watch?v=lRVSC97q8ew\n\n人類不能再次登上月球的真正原因真是難以置信\nhttps://www.youtube.com/watch?v=2vzwtqhhJv8\n\n“他們”究竟是誰？比金字塔還誇張的遠古文明\nhttps://www.youtube.com/watch?v=vA7IJRaW0Eo\n\n最神奇的星球，地球以及人類存在的真正原因\nhttps://www.youtube.com/watch?v=BLpv9fCZqcs\n\n神作！星際效應，用最簡單的方式告訴你什麽是五維時空\nhttps://www.youtube.com/watch?v=KefYmjM0E7g\n\n天堂的證明，一個你這輩子都看不到的世界\nhttps://www.youtube.com/watch?v=L8SZQPyB1c8\n\n人類不能知道的秘密，人族的故事\nhttps://www.youtube.com/watch?v=JVOzntXOGRc\n\n可怕的巨大史前生物，我們該慶幸它們已經滅絕了\nhttps://www.youtube.com/watch?v=BXybSLUlFvM\n\n人類消失一萬年後，一切都不見了，只有“它”還在\nhttps://www.youtube.com/watch?v=EW77R_D-XCw\n\n目前介紹過的最厲害的一位，此人兩歲就能抬頭\nhttps://www.youtube.com/watch?v=t_WGhKQ7xqI\n\n一萬年後的世界不會比現在更先進的真正原因\nhttps://www.youtube.com/watch?v=sWY1PtudTEA\n\n目前最搞笑的一期，我們本來都是神但由於選擇了美貌而變成了人\nhttps://www.youtube.com/watch?v=p25SV0WQWjA\n\n宇宙有多大，人類最遠可以到達宇宙的什麽地方\nhttps://www.youtube.com/watch?v=gH_NIUqOJos\n\n它的下面埋藏著關於世界末日的重要信息\nhttps://www.youtube.com/watch?v=Q0pSMTLXvjo\n\n目前最細思極恐的一期，二十五號宇宙\nhttps://www.youtube.com/watch?v=htz2xCJb3Lc\n\n【雖然被警告不要說】但是我還是決定公開這一期\nhttps://www.youtube.com/watch?v=QMsbQ97Ah_M\n\n人類的極限，壽命的極限是多少，可以多久不吃飯不睡覺\nhttps://www.youtube.com/watch?v=VCIHVq2GISw\n\n驚人證據揭示地下世界的存在，他們究竟是誰\nhttps://www.youtube.com/watch?v=0AuaFv9pUYE\n\n突然消失的百慕大三角\nhttps://www.youtube.com/watch?v=kb3ZMhR66fY\n\n【震撼】看完這期你就無敵了，史上最強戰術，不戰而勝的奧義，孫子兵法\nhttps://www.youtube.com/watch?v=4CvVL-rSX8E\n\n1萬2千年前的這個裝置究竟是用來做什麼的\nhttps://www.youtube.com/watch?v=NFH7IErIm3k\n\n【月球第三部】人類無法再次登月的另一種可能\nhttps://www.youtube.com/watch?v=Udvl_VJoM94\n\n【震撼】亞特蘭蒂斯真的找到了，神，真的存在過\nhttps://www.youtube.com/watch?v=QbcKVbL3VOQ\n\n【摩羯座的人注意了】神就來自你們的守護星\nhttps://www.youtube.com/watch?v=EkELAx2Uk1w\n\n過去可以被改變的真正原因，被討厭的勇氣\nhttps://www.youtube.com/watch?v=5cZxZCbcOQw\n\n【目前最長影片】人類不能知道的，完全另一個版本的世界的真相\nhttps://www.youtube.com/watch?v=A7h2clFxyj0\n\n【震撼】進化，從1859到2020\nhttps://www.youtube.com/watch?v=yNFgOL-7nOw\n\n地球上最常見卻最神奇的東西，水\nhttps://www.youtube.com/watch?v=7q88m5MQRhE\n\n超越認知的印度\nhttps://www.youtube.com/watch?v=0cXTyTmDRUI\n\n【完美犯罪】又一個超超超高智商的男人\nhttps://www.youtube.com/watch?v=SSzJdSsLneI\n\n地球上智商最高的九種動物，第一名就快變成人了\nhttps://www.youtube.com/watch?v=mjk1Huc_FoY\n\n碰到就玩完了，世界上最可怕的十大海洋生物\nhttps://www.youtube.com/watch?v=ZYjCi4rpAiQ\n\n雪山上發生的最不可思議的事\nhttps://www.youtube.com/watch?v=8Y-l9WaOd_w\n\n【射手座的人注意了】你們的守護星太危險，風速每秒三百公里，木星\nhttps://www.youtube.com/watch?v=dr9ISxjOO00\n\n【講到流淚】二十分鐘講完第一次世界大戰\nhttps://www.youtube.com/watch?v=G5y85I52HRg\n\n你所不了解的天空的世界\nhttps://www.youtube.com/watch?v=x1QyVwFRrIg\n\n【震撼】地球歷史的最大謎團，大洪水\nhttps://www.youtube.com/watch?v=w69h0zCso-o\n\nKFK預言，目前爲止最可信的一個未來人\nhttps://www.youtube.com/watch?v=ZTxc1YY64cM\n\n【震撼】諾亞方舟，不是神話而是預言，漢字中隱藏的秘密\nhttps://www.youtube.com/watch?v=czNMh9kVhIE\n\n【不好意思，今天的標題可能嚇到各位，但我必須說】我們之間其實沒有任何關係\nhttps://www.youtube.com/watch?v=nhnrfTb8xzA\n\n人類瘟疫史，存活下來的唯一方法\nhttps://www.youtube.com/watch?v=K4t6nF8dDHQ\n\n世界是虛擬的但有一個東西是真實的\nhttps://www.youtube.com/watch?v=B-I2guiXzRA\n\n【費米悖論】人類至今無法發現外星人的14種可能，越往後可能性越大\nhttps://www.youtube.com/watch?v=N4xXGIrzKJs\n\n【震撼】一切都不是巧合，2020真正的預言\nhttps://www.youtube.com/watch?v=wGaTEf0e67U\n\n【震撼】史上最深奧的話題，意識\nhttps://www.youtube.com/watch?v=wraBVnAfunc\n\n不可思议的前世記憶，可能你也有\nhttps://www.youtube.com/watch?v=v3kfH0a_dDY\n\n病毒，進化\nhttps://www.youtube.com/watch?v=_oBVDBVTKbU\n\n目前最快的影片，速度的世界\nhttps://www.youtube.com/watch?v=yf7S1s37des\n\n怕海的人不要看，真實的美人魚\nhttps://www.youtube.com/watch?v=3cHZfgSqPa4\n\n七個可能毀滅世界的科學實驗，其中三個還在進行中\nhttps://www.youtube.com/watch?v=ElqnKNkiyHA\n\n你的生日數字相加等於幾？如果等於369，那你註定不平凡啊\nhttps://www.youtube.com/watch?v=KQv0lEaDGco\n\n看得見摸得著卻無法解釋，世界上最大的謎團，第一集\nhttps://www.youtube.com/watch?v=Ttus8XGK6Xw\n\n十年內將會消失的職業，你如果正在做這些工作最好盡快轉行\nhttps://www.youtube.com/watch?v=Mshz9DxQLbE\n\n------------------------------------------------\n推薦播放列表：\n\n【未來】https://goo.gl/Bq54h5\n\n【傳說】https://goo.gl/CpmK2Y\n\n【心理測試】https://goo.gl/wf5dp5\n\n【奇趣】https://goo.gl/Tbpiuj",
                "thumbnails": {
                  "default": {
                    "url": "https://i.ytimg.com/vi/CcGsTuLEs14/default.jpg",
                    "width": 120,
                    "height": 90
                  },
                  "medium": {
                    "url": "https://i.ytimg.com/vi/CcGsTuLEs14/mqdefault.jpg",
                    "width": 320,
                    "height": 180
                  },
                  "high": {
                    "url": "https://i.ytimg.com/vi/CcGsTuLEs14/hqdefault.jpg",
                    "width": 480,
                    "height": 360
                  },
                  "standard": {
                    "url": "https://i.ytimg.com/vi/CcGsTuLEs14/sddefault.jpg",
                    "width": 640,
                    "height": 480
                  },
                  "maxres": {
                    "url": "https://i.ytimg.com/vi/CcGsTuLEs14/maxresdefault.jpg",
                    "width": 1280,
                    "height": 720
                  }
                },
                "channelTitle": "老高與小茉 Mr & Mrs Gao",
                "categoryId": "24",
                "liveBroadcastContent": "none",
                "defaultLanguage": "en",
                "localized": {
                  "title": "心情不好時，請看這個影片，從此你的人生將充滿幸福和快樂 | 老高與小茉 Mr & Mrs Gao",
                  "description": "【加入會員按鈕】https://www.youtube.com/channel/UCMUnInmOkrWN4gof9KlhNmQ/join\n【訂閱頻道按鈕】https://goo.gl/VhzZeS\n【518直播地址】https://youtube.com/live/wcWjzXcWhdk?feature=share\n------------------------------------------------\n相關鏈接：\n\n超出你想象的深海世界\nhttps://www.youtube.com/watch?v=dNmwPWRdv_0\n\n【神作】四十分鐘講完三體\nhttps://www.youtube.com/watch?v=2vowHo2y-hI\n\n目前第二長的一期，多重人格分裂\nhttps://www.youtube.com/watch?v=QAGDGja7kbs\n\n人為什麼是人，人類最不可思議的六個特征\nhttps://www.youtube.com/watch?v=EiWuajug1W4\n\n【震撼】這是一部解開所有宇宙之謎的影片\nhttps://www.youtube.com/watch?v=3QS5hyXpNyw\n\n【震撼】這是一部你明天還會再看一遍的影片\nhttps://www.youtube.com/watch?v=odc0ajxCq2c\n\n南極和北極，地球上最不可思議的兩個地方\nhttps://www.youtube.com/watch?v=jSSIeOlIqu0\n\n千萬不要去！世界十大人類禁地\nhttps://www.youtube.com/watch?v=6SwJpgNLvTk\n\n目前信息量最大的一期，重力\nhttps://www.youtube.com/watch?v=-TDVKQjmf7c\n\n人類的隱藏能力，從氣功到超能力還有另一個世界的存在\nhttps://www.youtube.com/watch?v=3Okf8nOIVLY\n\n超出你想象的地球故事\nhttps://www.youtube.com/watch?v=5AseSLCG7wI\n\n目前最長的一期，只有五歲抬頭才能看懂的天能（信条）\nhttps://www.youtube.com/watch?v=UiyWuEwxCNQ\n\n【震撼】2045年，人類究竟是滅絕還是成神\nhttps://www.youtube.com/watch?v=WY4XLDBDyuk\n\n【震撼】智商200也無法解答，宇宙最大的謎團，時間\nhttps://www.youtube.com/watch?v=6SkbNlWMG5w\n\n現代技術也無法再現的七個奇跡\nhttps://www.youtube.com/watch?v=KtDGWBqCmtk\n\n【震撼】海奧華預言，人類起源，耶穌是誰，金字塔之謎，你想知道的答案這裡都有\nhttps://www.youtube.com/watch?v=1rUWY2z4wUk\n\n【神作】三十六分鐘完全解説這部完美閉合的漫畫\nhttps://www.youtube.com/watch?v=ZN4yFKJuS4Y\n\n前往地球中心的旅行，超出你想象的地下世界\nhttps://www.youtube.com/watch?v=lRVSC97q8ew\n\n人類不能再次登上月球的真正原因真是難以置信\nhttps://www.youtube.com/watch?v=2vzwtqhhJv8\n\n“他們”究竟是誰？比金字塔還誇張的遠古文明\nhttps://www.youtube.com/watch?v=vA7IJRaW0Eo\n\n最神奇的星球，地球以及人類存在的真正原因\nhttps://www.youtube.com/watch?v=BLpv9fCZqcs\n\n神作！星際效應，用最簡單的方式告訴你什麽是五維時空\nhttps://www.youtube.com/watch?v=KefYmjM0E7g\n\n天堂的證明，一個你這輩子都看不到的世界\nhttps://www.youtube.com/watch?v=L8SZQPyB1c8\n\n人類不能知道的秘密，人族的故事\nhttps://www.youtube.com/watch?v=JVOzntXOGRc\n\n可怕的巨大史前生物，我們該慶幸它們已經滅絕了\nhttps://www.youtube.com/watch?v=BXybSLUlFvM\n\n人類消失一萬年後，一切都不見了，只有“它”還在\nhttps://www.youtube.com/watch?v=EW77R_D-XCw\n\n目前介紹過的最厲害的一位，此人兩歲就能抬頭\nhttps://www.youtube.com/watch?v=t_WGhKQ7xqI\n\n一萬年後的世界不會比現在更先進的真正原因\nhttps://www.youtube.com/watch?v=sWY1PtudTEA\n\n目前最搞笑的一期，我們本來都是神但由於選擇了美貌而變成了人\nhttps://www.youtube.com/watch?v=p25SV0WQWjA\n\n宇宙有多大，人類最遠可以到達宇宙的什麽地方\nhttps://www.youtube.com/watch?v=gH_NIUqOJos\n\n它的下面埋藏著關於世界末日的重要信息\nhttps://www.youtube.com/watch?v=Q0pSMTLXvjo\n\n目前最細思極恐的一期，二十五號宇宙\nhttps://www.youtube.com/watch?v=htz2xCJb3Lc\n\n【雖然被警告不要說】但是我還是決定公開這一期\nhttps://www.youtube.com/watch?v=QMsbQ97Ah_M\n\n人類的極限，壽命的極限是多少，可以多久不吃飯不睡覺\nhttps://www.youtube.com/watch?v=VCIHVq2GISw\n\n驚人證據揭示地下世界的存在，他們究竟是誰\nhttps://www.youtube.com/watch?v=0AuaFv9pUYE\n\n突然消失的百慕大三角\nhttps://www.youtube.com/watch?v=kb3ZMhR66fY\n\n【震撼】看完這期你就無敵了，史上最強戰術，不戰而勝的奧義，孫子兵法\nhttps://www.youtube.com/watch?v=4CvVL-rSX8E\n\n1萬2千年前的這個裝置究竟是用來做什麼的\nhttps://www.youtube.com/watch?v=NFH7IErIm3k\n\n【月球第三部】人類無法再次登月的另一種可能\nhttps://www.youtube.com/watch?v=Udvl_VJoM94\n\n【震撼】亞特蘭蒂斯真的找到了，神，真的存在過\nhttps://www.youtube.com/watch?v=QbcKVbL3VOQ\n\n【摩羯座的人注意了】神就來自你們的守護星\nhttps://www.youtube.com/watch?v=EkELAx2Uk1w\n\n過去可以被改變的真正原因，被討厭的勇氣\nhttps://www.youtube.com/watch?v=5cZxZCbcOQw\n\n【目前最長影片】人類不能知道的，完全另一個版本的世界的真相\nhttps://www.youtube.com/watch?v=A7h2clFxyj0\n\n【震撼】進化，從1859到2020\nhttps://www.youtube.com/watch?v=yNFgOL-7nOw\n\n地球上最常見卻最神奇的東西，水\nhttps://www.youtube.com/watch?v=7q88m5MQRhE\n\n超越認知的印度\nhttps://www.youtube.com/watch?v=0cXTyTmDRUI\n\n【完美犯罪】又一個超超超高智商的男人\nhttps://www.youtube.com/watch?v=SSzJdSsLneI\n\n地球上智商最高的九種動物，第一名就快變成人了\nhttps://www.youtube.com/watch?v=mjk1Huc_FoY\n\n碰到就玩完了，世界上最可怕的十大海洋生物\nhttps://www.youtube.com/watch?v=ZYjCi4rpAiQ\n\n雪山上發生的最不可思議的事\nhttps://www.youtube.com/watch?v=8Y-l9WaOd_w\n\n【射手座的人注意了】你們的守護星太危險，風速每秒三百公里，木星\nhttps://www.youtube.com/watch?v=dr9ISxjOO00\n\n【講到流淚】二十分鐘講完第一次世界大戰\nhttps://www.youtube.com/watch?v=G5y85I52HRg\n\n你所不了解的天空的世界\nhttps://www.youtube.com/watch?v=x1QyVwFRrIg\n\n【震撼】地球歷史的最大謎團，大洪水\nhttps://www.youtube.com/watch?v=w69h0zCso-o\n\nKFK預言，目前爲止最可信的一個未來人\nhttps://www.youtube.com/watch?v=ZTxc1YY64cM\n\n【震撼】諾亞方舟，不是神話而是預言，漢字中隱藏的秘密\nhttps://www.youtube.com/watch?v=czNMh9kVhIE\n\n【不好意思，今天的標題可能嚇到各位，但我必須說】我們之間其實沒有任何關係\nhttps://www.youtube.com/watch?v=nhnrfTb8xzA\n\n人類瘟疫史，存活下來的唯一方法\nhttps://www.youtube.com/watch?v=K4t6nF8dDHQ\n\n世界是虛擬的但有一個東西是真實的\nhttps://www.youtube.com/watch?v=B-I2guiXzRA\n\n【費米悖論】人類至今無法發現外星人的14種可能，越往後可能性越大\nhttps://www.youtube.com/watch?v=N4xXGIrzKJs\n\n【震撼】一切都不是巧合，2020真正的預言\nhttps://www.youtube.com/watch?v=wGaTEf0e67U\n\n【震撼】史上最深奧的話題，意識\nhttps://www.youtube.com/watch?v=wraBVnAfunc\n\n不可思议的前世記憶，可能你也有\nhttps://www.youtube.com/watch?v=v3kfH0a_dDY\n\n病毒，進化\nhttps://www.youtube.com/watch?v=_oBVDBVTKbU\n\n目前最快的影片，速度的世界\nhttps://www.youtube.com/watch?v=yf7S1s37des\n\n怕海的人不要看，真實的美人魚\nhttps://www.youtube.com/watch?v=3cHZfgSqPa4\n\n七個可能毀滅世界的科學實驗，其中三個還在進行中\nhttps://www.youtube.com/watch?v=ElqnKNkiyHA\n\n你的生日數字相加等於幾？如果等於369，那你註定不平凡啊\nhttps://www.youtube.com/watch?v=KQv0lEaDGco\n\n看得見摸得著卻無法解釋，世界上最大的謎團，第一集\nhttps://www.youtube.com/watch?v=Ttus8XGK6Xw\n\n十年內將會消失的職業，你如果正在做這些工作最好盡快轉行\nhttps://www.youtube.com/watch?v=Mshz9DxQLbE\n\n------------------------------------------------\n推薦播放列表：\n\n【未來】https://goo.gl/Bq54h5\n\n【傳說】https://goo.gl/CpmK2Y\n\n【心理測試】https://goo.gl/wf5dp5\n\n【奇趣】https://goo.gl/Tbpiuj"
                },
                "defaultAudioLanguage": "zxx"
              }
            }
          ],
          "pageInfo": {
            "totalResults": 1,
            "resultsPerPage": 1
          }
        }
  recorded_at: Sun, 27 Oct 2024 06:01:14 GMT
recorded_with: VCR 6.3.1
